########## ①N↑+③모델: surface_localization (10/클래스 × 3모델) ##########
============================================================================================
공격 표면 국소화: 패턴 방어를 통째로 부수는 저복잡도 클래스가 A2에도 통하는가?
============================================================================================
Processing logs...
	app.log: 2 tainted entries
##############
Processing traces...
##############
logs: #tt 2
traces: #tt 0

  0%|          | 0/2 [00:00<?, ?it/s]
 50%|█████     | 1/2 [00:12<00:12, 12.42s/it]
100%|██████████| 2/2 [00:29<00:00, 14.97s/it]
100%|██████████| 2/2 [00:29<00:00, 14.59s/it]

  파쇄율(깨진수/시도수, 10변형×3모델)
  저복잡도 클래스                   대상 패턴 방어               A2        
  A 무-메타문자 (탐지회피)            AnomalyAware 17/30     0/30      
                             SchemaOOD   18/30     
  B 설정값-위장 (조종차단)            CausalSpan  2/30       0/30      
  C 명령문-래핑 (A2 taxonomy)     (패턴방어 무관) AnomalyAware 17/30
                                                    A2=2/30  ← A2의 유일한 구멍

  ---- 국소화 요약 ----
   패턴 방어: 각자 맞춤 저복잡도 클래스에 37/90 파쇄 = '클래스 전체'가 뚫리는 넓은 표면.
   A2: 그 클래스들(A 무-메타·B 위장)엔 0/60 파쇄(=의미로 다 잡음) → 표면을 좁혔다.
   A2: 오직 C(명령문-래핑, taxonomy 경계)에서만 2/30 파쇄 → 문제를 '한 좁고 명확한 점'으로 국소화.
   ⇒ W1은 'A2도 똑같이 깨짐'이 아니라 'A2가 표면을 taxonomy 경계 한 점으로 국소화했다'는 뜻(고칠 지점이 명확).
============================================================================================
